// Jest Snapshot v1, https://goo.gl/fbAQLP

exports[`snapshot 1`] = `
[
  {
    "apiVersion": "cert-manager.io/v1",
    "kind": "Certificate",
    "metadata": {
      "name": "certificate-c81e1064",
    },
    "spec": {
      "issuerRef": {
        "name": "issuer",
      },
      "secretName": "secret",
    },
  },
]
`;
