// Jest Snapshot v1, https://goo.gl/fbAQLP

exports[`snapshot 1`] = `
[
  {
    "apiVersion": "v1",
    "kind": "Service",
    "metadata": {
      "name": "web-services-hello-service-c8867cc5",
    },
    "spec": {
      "ports": [
        {
          "port": 80,
          "targetPort": 8080,
        },
      ],
      "selector": {
        "app": "web-services-hello-c8c4e53d",
      },
      "type": "LoadBalancer",
    },
  },
  {
    "apiVersion": "apps/v1",
    "kind": "Deployment",
    "metadata": {
      "name": "web-services-hello-deployment-c8aa3bdf",
    },
    "spec": {
      "replicas": 2,
      "selector": {
        "matchLabels": {
          "app": "web-services-hello-c8c4e53d",
        },
      },
      "template": {
        "metadata": {
          "labels": {
            "app": "web-services-hello-c8c4e53d",
          },
        },
        "spec": {
          "containers": [
            {
              "image": "paulbouwer/hello-kubernetes:1.7",
              "name": "web",
              "ports": [
                {
                  "containerPort": 8080,
                },
              ],
            },
          ],
        },
      },
    },
  },
  {
    "apiVersion": "v1",
    "kind": "Service",
    "metadata": {
      "name": "web-services-ghost-service-c88ea138",
    },
    "spec": {
      "ports": [
        {
          "port": 80,
          "targetPort": 2368,
        },
      ],
      "selector": {
        "app": "web-services-ghost-c88fcf47",
      },
      "type": "LoadBalancer",
    },
  },
  {
    "apiVersion": "apps/v1",
    "kind": "Deployment",
    "metadata": {
      "name": "web-services-ghost-deployment-c8edd418",
    },
    "spec": {
      "replicas": 1,
      "selector": {
        "matchLabels": {
          "app": "web-services-ghost-c88fcf47",
        },
      },
      "template": {
        "metadata": {
          "labels": {
            "app": "web-services-ghost-c88fcf47",
          },
        },
        "spec": {
          "containers": [
            {
              "image": "ghost",
              "name": "web",
              "ports": [
                {
                  "containerPort": 2368,
                },
              ],
            },
          ],
        },
      },
    },
  },
]
`;
